[
  {
    "_type": "doc",
    "_score": null,
    "_source": {
      "layers": {
        "frame": {
          "filtered": "frame"
        },
        "eth": {
          "filtered": "eth"
        },
        "ip": {
          "filtered": "ip"
        },
        "tcp": {
          "filtered": "tcp"
        },
        "_ws.lua.fake": "",
        "consul": {
          "_ws.lua.fake": ""
        }
      }
    }
  }
]
