[
  {
    "_type": "doc",
    "_score": null,
    "_source": {
      "layers": {
        "frame": {
          "filtered": "frame"
        },
        "eth": {
          "filtered": "eth"
        },
        "ip": {
          "filtered": "ip"
        },
        "tcp": {
          "filtered": "tcp"
        },
        "_ws.lua.fake": "",
        "consul": {
          "_ws.lua.fake": ""
        }
      }
    }
  },
  {
    "_type": "doc",
    "_score": null,
    "_source": {
      "layers": {
        "frame": {
          "filtered": "frame"
        },
        "eth": {
          "filtered": "eth"
        },
        "ip": {
          "filtered": "ip"
        },
        "tcp": {
          "filtered": "tcp"
        },
        "_ws.lua.fake": "",
        "yamux": {
          "yamux.version": "0",
          "yamux.type": "0x00",
          "yamux.flags": "0x0000",
          "yamux.stream_id": "1",
          "yamux.length": "38",
          "yamux.payload_length": "38"
        }
      }
    }
  },
  {
    "_type": "doc",
    "_score": null,
    "_source": {
      "layers": {
        "frame": {
          "filtered": "frame"
        },
        "eth": {
          "filtered": "eth"
        },
        "ip": {
          "filtered": "ip"
        },
        "tcp": {
          "filtered": "tcp"
        },
        "_ws.lua.fake": "",
        "yamux": {
          "yamux.version": "0",
          "yamux.type": "0x00",
          "yamux.flags": "0x0000",
          "yamux.stream_id": "1",
          "yamux.length": "38",
          "yamux.payload_length": "38",
          "yamux.previous_frame": "2",
          "_ws.expert": {
            "yamux.expert.debug.corrupted_frame": "",
            "_ws.expert.message": "Previous frame is corrupted: no window size is available",
            "_ws.expert.severity": "6291456",
            "_ws.expert.group": "134217728"
          },
          "yamux.window_size.server.before": "262144",
          "yamux.window_size.client.before": "262144",
          "_ws.expert": {
            "yamux.expert.data_before_start": "",
            "_ws.expert.message": "Stream packets were detected without SYN flag",
            "_ws.expert.severity": "8388608",
            "_ws.expert.group": "33554432"
          },
          "yamux.window_size.server.after": "262144",
          "yamux.window_size.client.after": "262144"
        }
      }
    }
  },
  {
    "_type": "doc",
    "_score": null,
    "_source": {
      "layers": {
        "frame": {
          "filtered": "frame"
        },
        "eth": {
          "filtered": "eth"
        },
        "ip": {
          "filtered": "ip"
        },
        "tcp": {
          "filtered": "tcp"
        },
        "_ws.lua.fake": "",
        "yamux": {
          "yamux.version": "0",
          "yamux.type": "0x01",
          "yamux.flags": "0x0001",
          "yamux.stream_id": "1",
          "yamux.length": "0",
          "yamux.recv_window_delta": "0",
          "yamux.previous_frame": "3",
          "yamux.window_size.server.before": "262144",
          "yamux.window_size.client.before": "262144",
          "_ws.expert": {
            "yamux.expert.packet_type.client": "",
            "_ws.expert.message": "Current packet is generated by client",
            "_ws.expert.severity": "1048576",
            "_ws.expert.group": "134217728"
          },
          "yamux.window_size.server.after": "262144",
          "yamux.window_size.client.after": "262144"
        }
      }
    }
  },
  {
    "_type": "doc",
    "_score": null,
    "_source": {
      "layers": {
        "frame": {
          "filtered": "frame"
        },
        "eth": {
          "filtered": "eth"
        },
        "ip": {
          "filtered": "ip"
        },
        "tcp": {
          "filtered": "tcp"
        },
        "_ws.lua.fake": "",
        "yamux": {
          "yamux.version": "0",
          "yamux.type": "0x01",
          "yamux.flags": "0x0002",
          "yamux.stream_id": "1",
          "yamux.length": "0",
          "yamux.recv_window_delta": "0",
          "yamux.previous_frame": "4",
          "yamux.window_size.server.before": "262144",
          "yamux.window_size.client.before": "262144",
          "_ws.expert": {
            "yamux.expert.packet_type.client": "",
            "_ws.expert.message": "Current packet is generated by client",
            "_ws.expert.severity": "1048576",
            "_ws.expert.group": "134217728"
          },
          "yamux.window_size.server.after": "262144",
          "yamux.window_size.client.after": "262144"
        }
      }
    }
  },
  {
    "_type": "doc",
    "_score": null,
    "_source": {
      "layers": {
        "frame": {
          "filtered": "frame"
        },
        "eth": {
          "filtered": "eth"
        },
        "ip": {
          "filtered": "ip"
        },
        "tcp": {
          "filtered": "tcp"
        },
        "_ws.lua.fake": "",
        "yamux": {
          "yamux.version": "0",
          "yamux.type": "0x01",
          "yamux.flags": "0x0001",
          "yamux.stream_id": "1",
          "yamux.length": "0",
          "yamux.recv_window_delta": "0",
          "yamux.previous_frame": "5",
          "yamux.window_size.server.before": "262144",
          "yamux.window_size.client.before": "262144",
          "_ws.expert": {
            "yamux.expert.packet_type.client": "",
            "_ws.expert.message": "Current packet is generated by client",
            "_ws.expert.severity": "1048576",
            "_ws.expert.group": "134217728"
          },
          "yamux.window_size.server.after": "262144",
          "yamux.window_size.client.after": "262144"
        }
      }
    }
  },
  {
    "_type": "doc",
    "_score": null,
    "_source": {
      "layers": {
        "frame": {
          "filtered": "frame"
        },
        "eth": {
          "filtered": "eth"
        },
        "ip": {
          "filtered": "ip"
        },
        "tcp": {
          "filtered": "tcp"
        },
        "_ws.lua.fake": "",
        "yamux": {
          "yamux.version": "0",
          "yamux.type": "0x01",
          "yamux.flags": "0x0002",
          "yamux.stream_id": "1",
          "yamux.length": "0",
          "yamux.recv_window_delta": "0",
          "yamux.previous_frame": "6",
          "yamux.window_size.server.before": "262144",
          "yamux.window_size.client.before": "262144",
          "_ws.expert": {
            "yamux.expert.packet_type.client": "",
            "_ws.expert.message": "Current packet is generated by client",
            "_ws.expert.severity": "1048576",
            "_ws.expert.group": "134217728"
          },
          "yamux.window_size.server.after": "262144",
          "yamux.window_size.client.after": "262144"
        }
      }
    }
  },
  {
    "_type": "doc",
    "_score": null,
    "_source": {
      "layers": {
        "frame": {
          "filtered": "frame"
        },
        "eth": {
          "filtered": "eth"
        },
        "ip": {
          "filtered": "ip"
        },
        "tcp": {
          "filtered": "tcp"
        },
        "_ws.lua.fake": "",
        "yamux": {
          "yamux.version": "0",
          "yamux.type": "0x01",
          "yamux.flags": "0x0004",
          "yamux.stream_id": "3",
          "yamux.length": "0",
          "yamux.recv_window_delta": "0"
        }
      }
    }
  },
  {
    "_type": "doc",
    "_score": null,
    "_source": {
      "layers": {
        "frame": {
          "filtered": "frame"
        },
        "eth": {
          "filtered": "eth"
        },
        "ip": {
          "filtered": "ip"
        },
        "tcp": {
          "filtered": "tcp"
        },
        "_ws.lua.fake": "",
        "yamux": {
          "yamux.version": "0",
          "yamux.type": "0x01",
          "yamux.flags": "0x0004",
          "yamux.stream_id": "3",
          "yamux.length": "0",
          "yamux.recv_window_delta": "0",
          "yamux.previous_frame": "8",
          "_ws.expert": {
            "yamux.expert.debug.corrupted_frame": "",
            "_ws.expert.message": "Previous frame is corrupted: no window size is available",
            "_ws.expert.severity": "6291456",
            "_ws.expert.group": "134217728"
          },
          "yamux.window_size.server.before": "262144",
          "yamux.window_size.client.before": "262144",
          "_ws.expert": {
            "yamux.expert.data_before_start": "",
            "_ws.expert.message": "Stream packets were detected without SYN flag",
            "_ws.expert.severity": "8388608",
            "_ws.expert.group": "33554432"
          },
          "yamux.window_size.server.after": "262144",
          "yamux.window_size.client.after": "262144"
        }
      }
    }
  },
  {
    "_type": "doc",
    "_score": null,
    "_source": {
      "layers": {
        "frame": {
          "filtered": "frame"
        },
        "eth": {
          "filtered": "eth"
        },
        "ip": {
          "filtered": "ip"
        },
        "tcp": {
          "filtered": "tcp"
        },
        "_ws.lua.fake": "",
        "yamux": {
          "yamux.version": "0",
          "yamux.type": "0x02",
          "yamux.flags": "0x0001",
          "yamux.stream_id": "0",
          "yamux.length": "4",
          "yamux.ping_payload": "0x00000004",
          "_ws.expert": {
            "yamux.expert.open_default_stream": "",
            "_ws.expert.message": "Default opened stream cannot be opened",
            "_ws.expert.severity": "6291456",
            "_ws.expert.group": "117440512"
          },
          "_ws.malformed": "Malformed Packet"
        }
      }
    }
  },
  {
    "_type": "doc",
    "_score": null,
    "_source": {
      "layers": {
        "frame": {
          "filtered": "frame"
        },
        "eth": {
          "filtered": "eth"
        },
        "ip": {
          "filtered": "ip"
        },
        "tcp": {
          "filtered": "tcp"
        },
        "_ws.lua.fake": "",
        "yamux": {
          "yamux.version": "0",
          "yamux.type": "0x02",
          "yamux.flags": "0x0002",
          "yamux.stream_id": "0",
          "yamux.length": "4",
          "yamux.ping_payload": "0x00000004",
          "yamux.previous_frame": "10"
        }
      }
    }
  },
  {
    "_type": "doc",
    "_score": null,
    "_source": {
      "layers": {
        "frame": {
          "filtered": "frame"
        },
        "eth": {
          "filtered": "eth"
        },
        "ip": {
          "filtered": "ip"
        },
        "tcp": {
          "filtered": "tcp"
        },
        "_ws.lua.fake": "",
        "yamux": {
          "yamux.version": "0",
          "yamux.type": "0x02",
          "yamux.flags": "0x0001",
          "yamux.stream_id": "0",
          "yamux.length": "4",
          "yamux.ping_payload": "0x00000004",
          "_ws.expert": {
            "yamux.expert.open_default_stream": "",
            "_ws.expert.message": "Default opened stream cannot be opened",
            "_ws.expert.severity": "6291456",
            "_ws.expert.group": "117440512"
          },
          "_ws.malformed": "Malformed Packet",
          "yamux.previous_frame": "11"
        }
      }
    }
  },
  {
    "_type": "doc",
    "_score": null,
    "_source": {
      "layers": {
        "frame": {
          "filtered": "frame"
        },
        "eth": {
          "filtered": "eth"
        },
        "ip": {
          "filtered": "ip"
        },
        "tcp": {
          "filtered": "tcp"
        },
        "_ws.lua.fake": "",
        "yamux": {
          "yamux.version": "0",
          "yamux.type": "0x02",
          "yamux.flags": "0x0002",
          "yamux.stream_id": "0",
          "yamux.length": "4",
          "yamux.ping_payload": "0x00000004",
          "yamux.previous_frame": "12"
        }
      }
    }
  }
]
